2025-04-28 20:04:39,671 - PKI_System - INFO - Initializing directory structure...
2025-04-28 20:04:39,671 - PKI_System - INFO - 
[STEP 1] INITIALIZING ROOT CA
2025-04-28 20:04:39,671 - PKI_System - INFO - Creating Root CA key pair and self-signed certificate...
2025-04-28 20:04:39,695 - PKI_System - INFO - Root CA initialized successfully
2025-04-28 20:04:39,695 - PKI_System - INFO - 
[STEP 2] CREATING SUB CAS
2025-04-28 20:04:39,695 - PKI_System - INFO - Creating Sub CA 1...
2025-04-28 20:04:39,748 - PKI_System - INFO - Creating Sub CA 2...
2025-04-28 20:04:39,774 - PKI_System - INFO - Root CA signing Sub CA 1 certificate...
2025-04-28 20:04:39,775 - PKI_System - INFO - Root CA signing Sub CA 2 certificate...
2025-04-28 20:04:39,778 - PKI_System - INFO - Sub CAs created and initialized successfully
2025-04-28 20:04:39,778 - PKI_System - INFO - 
[STEP 3] CLIENT REGISTRATION
2025-04-28 20:04:39,778 - PKI_System - INFO - Registering Client A with Sub CA 1...
2025-04-28 20:04:39,833 - PKI_System - INFO - Registering Client B with Sub CA 1...
2025-04-28 20:04:39,883 - PKI_System - INFO - Registering Client C with Sub CA 2...
2025-04-28 20:04:39,933 - PKI_System - INFO - All clients registered successfully
2025-04-28 20:04:39,933 - PKI_System - INFO - 
[STEP 4] CERTIFICATE ISSUANCE
2025-04-28 20:04:39,933 - PKI_System - INFO - Sub CA 1 processing and signing Client A's CSR...
2025-04-28 20:04:39,935 - PKI_System - INFO - Sub CA 1 processing and signing Client B's CSR...
2025-04-28 20:04:39,937 - PKI_System - INFO - Sub CA 2 processing and signing Client C's CSR...
2025-04-28 20:04:39,938 - PKI_System - INFO - All certificates issued successfully
2025-04-28 20:04:39,938 - PKI_System - INFO - 
[STEP 5] CERTIFICATE VERIFICATION
2025-04-28 20:04:39,938 - PKI_System - INFO - Verifying Client A's certificate...
2025-04-28 20:04:39,942 - PKI_System - INFO - Client A Certificate Valid: True
2025-04-28 20:04:39,942 - PKI_System - INFO - Verifying Client B's certificate...
2025-04-28 20:04:39,942 - PKI_System - INFO - Client B Certificate Valid: True
2025-04-28 20:04:39,942 - PKI_System - INFO - Verifying Client C's certificate...
2025-04-28 20:04:39,943 - PKI_System - INFO - Client C Certificate Valid: True
2025-04-28 20:04:39,943 - PKI_System - INFO - Certificate verification completed
2025-04-28 20:04:39,943 - PKI_System - INFO - 
[STEP 6] CERTIFICATE REVOCATION DEMONSTRATION
2025-04-28 20:04:39,943 - PKI_System - INFO - Revoking Client B's certificate...
2025-04-28 20:04:39,943 - PKI_System - INFO - Creating and saving CRL...
2025-04-28 20:04:39,944 - PKI_System - INFO - CRL saved to D:\master_study\network\Public-key-certificate-system\data\SubCA1_crl.pem
2025-04-28 20:04:39,944 - PKI_System - INFO - Verifying certificates with CRL check...
2025-04-28 20:04:39,944 - PKI_System - INFO - Verifying Client A's certificate...
2025-04-28 20:04:39,944 - PKI_System - INFO - Client A Certificate Valid: True
2025-04-28 20:04:39,944 - PKI_System - INFO - Verifying Client B's certificate...
2025-04-28 20:04:39,944 - PKI_System - INFO - Client B Certificate Valid: False (should be False due to revocation)
2025-04-28 20:04:39,944 - PKI_System - INFO - Revocation demonstration completed
2025-04-28 20:04:39,945 - PKI_System - INFO - PKI System demonstration completed successfully
2025-04-28 20:05:21,682 - PKI_System - INFO - Initializing directory structure...
2025-04-28 20:05:21,683 - PKI_System - INFO - 
[STEP 1] INITIALIZING ROOT CA
2025-04-28 20:05:21,683 - PKI_System - INFO - Creating Root CA key pair and self-signed certificate...
2025-04-28 20:05:21,707 - PKI_System - INFO - Root CA initialized successfully
2025-04-28 20:05:21,707 - PKI_System - INFO - 
[STEP 2] CREATING SUB CAS
2025-04-28 20:05:21,707 - PKI_System - INFO - Creating Sub CA 1...
2025-04-28 20:05:21,738 - PKI_System - INFO - Creating Sub CA 2...
2025-04-28 20:05:21,763 - PKI_System - INFO - Root CA signing Sub CA 1 certificate...
2025-04-28 20:05:21,765 - PKI_System - INFO - Root CA signing Sub CA 2 certificate...
2025-04-28 20:05:21,766 - PKI_System - INFO - Sub CAs created and initialized successfully
2025-04-28 20:05:21,766 - PKI_System - INFO - 
[STEP 3] CLIENT REGISTRATION
2025-04-28 20:05:21,766 - PKI_System - INFO - Registering Client A with Sub CA 1...
2025-04-28 20:05:21,787 - PKI_System - INFO - Registering Client B with Sub CA 1...
2025-04-28 20:05:21,810 - PKI_System - INFO - Registering Client C with Sub CA 2...
2025-04-28 20:05:21,818 - PKI_System - INFO - All clients registered successfully
2025-04-28 20:05:21,818 - PKI_System - INFO - 
[STEP 4] CERTIFICATE ISSUANCE
2025-04-28 20:05:21,818 - PKI_System - INFO - Sub CA 1 processing and signing Client A's CSR...
2025-04-28 20:05:21,819 - PKI_System - INFO - Sub CA 1 processing and signing Client B's CSR...
2025-04-28 20:05:21,821 - PKI_System - INFO - Sub CA 2 processing and signing Client C's CSR...
2025-04-28 20:05:21,823 - PKI_System - INFO - All certificates issued successfully
2025-04-28 20:05:21,823 - PKI_System - INFO - 
[STEP 5] CERTIFICATE VERIFICATION
2025-04-28 20:05:21,823 - PKI_System - INFO - Verifying Client A's certificate...
2025-04-28 20:05:21,825 - PKI_System - INFO - Client A Certificate Valid: True
2025-04-28 20:05:21,825 - PKI_System - INFO - Verifying Client B's certificate...
2025-04-28 20:05:21,827 - PKI_System - INFO - Client B Certificate Valid: True
2025-04-28 20:05:21,827 - PKI_System - INFO - Verifying Client C's certificate...
2025-04-28 20:05:21,827 - PKI_System - INFO - Client C Certificate Valid: True
2025-04-28 20:05:21,827 - PKI_System - INFO - Certificate verification completed
2025-04-28 20:05:21,827 - PKI_System - INFO - 
[STEP 6] CERTIFICATE REVOCATION DEMONSTRATION
2025-04-28 20:05:21,827 - PKI_System - INFO - Revoking Client B's certificate...
2025-04-28 20:05:21,827 - PKI_System - INFO - Creating and saving CRL...
2025-04-28 20:05:21,828 - PKI_System - INFO - CRL saved to D:\master_study\network\Public-key-certificate-system\data\SubCA1_crl.pem
2025-04-28 20:05:21,828 - PKI_System - INFO - Verifying certificates with CRL check...
2025-04-28 20:05:21,828 - PKI_System - INFO - Verifying Client A's certificate...
2025-04-28 20:05:21,828 - PKI_System - INFO - Client A Certificate Valid: True
2025-04-28 20:05:21,828 - PKI_System - INFO - Verifying Client B's certificate...
2025-04-28 20:05:21,829 - PKI_System - INFO - Client B Certificate Valid: False (should be False due to revocation)
2025-04-28 20:05:21,829 - PKI_System - INFO - Revocation demonstration completed
2025-04-28 20:05:21,829 - PKI_System - INFO - PKI System demonstration completed successfully
